// Jest Snapshot v1, https://goo.gl/fbAQLP

exports[`FormHeader should renders correctly 1`] = `
<header>
  <h3
    className="title"
  >
    Log in to our site
  </h3>
  <p
    className="text"
  >
    Enter username or password to log on
  </p>
</header>
`;
